Launching lib\main.dart on Chrome in debug mode...
Waiting for connection from debug service on Chrome...          
flutter : lib/connection
/web.dart:5:23: Error: 
A value of type 'Future<
WasmDatabaseResult>' 
can't be returned from 
a function with return 
type 'QueryExecutor'.
At line:1 char:1
+ flutter run -d chrome 
> build_output.txt 
2>&1; cat 
build_output.txt
+ ~~~~~~~~~~~~~~~~~~~~~~
~~~~~~~~~~~~~~~~~~~~~~~
    + CategoryInfo      
        : NotSpecified  
  : (lib/connection/.   
 ..QueryExecutor'.:S    
tring) [], RemoteEx    
ception
    + FullyQualifiedErr 
   orId : NativeComman  
  dError
 
 - 'Future' is from 
'dart:async'.
 - 'WasmDatabaseResult' 
is from 'package:drift/s
rc/web/wasm_setup/types.
dart' ('../../../../AppD
ata/Local/Pub/Cache/host
ed/pub.dev/drift-2.31.0/
lib/src/web/wasm_setup/t
ypes.dart').
 - 'QueryExecutor' is 
from 'package:drift/src/
runtime/executor/executo
r.dart' ('../../../../Ap
pData/Local/Pub/Cache/ho
sted/pub.dev/drift-2.31.
0/lib/src/runtime/execut
or/executor.dart').
  return 
WasmDatabase.open(
                      ^
Waiting for connection from debug service on Chrome...             18.1s
Failed to compile 
application.
